// Jest Snapshot v1, https://goo.gl/fbAQLP

exports[`blog routes GET /api/v1/todos/:id 1`] = `
Object {
  "completed": false,
  "created_at": "2023-03-03T07:44:18.830Z",
  "id": "1",
  "task": "Mow lawn",
  "user_id": "1",
}
`;
